------------------------------------------------------------
TimeQuest Timing Analyzer Summary
------------------------------------------------------------

Type  : Slow Model Setup 'clk'
Slack : -2.741
TNS   : -47.275

Type  : Slow Model Setup 'div_clk:base_clk|clock_out'
Slack : -1.241
TNS   : -5.383

Type  : Slow Model Setup 'second_counter:sec_inst|sec_carry'
Slack : -1.142
TNS   : -7.734

Type  : Slow Model Setup 'minute_counter:min_inst|carry_min'
Slack : -1.114
TNS   : -5.570

Type  : Slow Model Hold 'clk'
Slack : -2.552
TNS   : -2.552

Type  : Slow Model Hold 'second_counter:sec_inst|sec_carry'
Slack : 0.730
TNS   : 0.000

Type  : Slow Model Hold 'minute_counter:min_inst|carry_min'
Slack : 0.809
TNS   : 0.000

Type  : Slow Model Hold 'div_clk:base_clk|clock_out'
Slack : 0.813
TNS   : 0.000

Type  : Slow Model Minimum Pulse Width 'clk'
Slack : -1.380
TNS   : -28.380

Type  : Slow Model Minimum Pulse Width 'div_clk:base_clk|clock_out'
Slack : -0.500
TNS   : -7.000

Type  : Slow Model Minimum Pulse Width 'second_counter:sec_inst|sec_carry'
Slack : -0.500
TNS   : -7.000

Type  : Slow Model Minimum Pulse Width 'minute_counter:min_inst|carry_min'
Slack : -0.500
TNS   : -5.000

Type  : Fast Model Setup 'clk'
Slack : -0.775
TNS   : -9.492

Type  : Fast Model Setup 'second_counter:sec_inst|sec_carry'
Slack : -0.025
TNS   : -0.150

Type  : Fast Model Setup 'minute_counter:min_inst|carry_min'
Slack : -0.012
TNS   : -0.060

Type  : Fast Model Setup 'div_clk:base_clk|clock_out'
Slack : -0.003
TNS   : -0.003

Type  : Fast Model Hold 'clk'
Slack : -1.592
TNS   : -1.592

Type  : Fast Model Hold 'second_counter:sec_inst|sec_carry'
Slack : 0.332
TNS   : 0.000

Type  : Fast Model Hold 'div_clk:base_clk|clock_out'
Slack : 0.363
TNS   : 0.000

Type  : Fast Model Hold 'minute_counter:min_inst|carry_min'
Slack : 0.363
TNS   : 0.000

Type  : Fast Model Minimum Pulse Width 'clk'
Slack : -1.380
TNS   : -28.380

Type  : Fast Model Minimum Pulse Width 'div_clk:base_clk|clock_out'
Slack : -0.500
TNS   : -7.000

Type  : Fast Model Minimum Pulse Width 'second_counter:sec_inst|sec_carry'
Slack : -0.500
TNS   : -7.000

Type  : Fast Model Minimum Pulse Width 'minute_counter:min_inst|carry_min'
Slack : -0.500
TNS   : -5.000

------------------------------------------------------------
